// Jest Snapshot v1, https://goo.gl/fbAQLP

exports[`writeLockfiles() 1`] = `
"lockfileVersion: '7.0'

importers:

  .:
    dependencies:
      is-negative:
        specifier: ^1.0.0
        version: 1.0.0
      is-positive:
        specifier: ^1.0.0
        version: 1.0.0

packages:

  /is-negative@1.0.0:
    resolution: {integrity: sha1-ChbBDewTLAqLCzb793Fo5VDvg/g=}
    engines: {node: '>=10', npm: "\\nfoo\\n"}
    cpu: [x86]
    os: [darwin]
    libc: [glibc]
    dependencies:
      is-positive: 2.0.0

  /is-positive@1.0.0:
    resolution: {integrity: sha1-ChbBDewTLAqLCzb793Fo5VDvg/g=}

  /is-positive@2.0.0:
    resolution: {integrity: sha1-ChbBDewTLAqLCzb793Fo5VDvg/g=}
"
`;
