// Jest Snapshot v1, https://goo.gl/fbAQLP

exports[`print update notification if the latest version is greater than the current 1`] = `
"
   ╭──────────────────────────────────────────────────────────────────╮
   │                                                                  │
   │                Update available! 10.0.0 → 11.0.0.                │
   │   Changelog: https://github.com/pnpm/pnpm/releases/tag/v11.0.0   │
   │                 Run pnpm add -g pnpm to update.                  │
   │                                                                  │
   │      Follow @pnpmjs for updates: https://twitter.com/pnpmjs      │
   │                                                                  │
   ╰──────────────────────────────────────────────────────────────────╯
"
`;
