// Jest Snapshot v1, https://goo.gl/fbAQLP

exports[`makeVirtualNodeModules 1`] = `
{
  "entries": {
    ".pnpm": {
      "entries": {
        "@zkochan+git-config@0.1.0": {
          "entries": {
            "node_modules": {
              "entries": {
                "@zkochan": {
                  "entries": {
                    "git-config": {
                      "depPath": "/@zkochan/git-config@0.1.0",
                      "entryType": "index",
                    },
                  },
                  "entryType": "directory",
                },
                "ini": {
                  "entryType": "symlink",
                  "target": "../../ini@1.3.4/node_modules/ini",
                },
              },
              "entryType": "directory",
            },
          },
          "entryType": "directory",
        },
        "ini@1.3.4": {
          "entries": {
            "node_modules": {
              "entries": {
                "ini": {
                  "depPath": "/ini@1.3.4",
                  "entryType": "index",
                },
              },
              "entryType": "directory",
            },
          },
          "entryType": "directory",
        },
        "is-positive@1.0.0": {
          "entries": {
            "node_modules": {
              "entries": {
                "is-positive": {
                  "depPath": "/is-positive@1.0.0",
                  "entryType": "index",
                },
              },
              "entryType": "directory",
            },
          },
          "entryType": "directory",
        },
      },
      "entryType": "directory",
    },
    "@zkochan": {
      "entries": {
        "git-config": {
          "entryType": "symlink",
          "target": "./.pnpm/@zkochan+git-config@0.1.0/node_modules/@zkochan/git-config",
        },
      },
      "entryType": "directory",
    },
    "is-positive": {
      "entryType": "symlink",
      "target": "./.pnpm/is-positive@1.0.0/node_modules/is-positive",
    },
  },
  "entryType": "directory",
}
`;
