// Jest Snapshot v1, https://goo.gl/fbAQLP

exports[`pnpm licenses: output as json: found-license-types 1`] = `
[
  "MIT",
]
`;

exports[`pnpm licenses: show details: show-packages-details 1`] = `
"┌───────────────────────────────┬─────────┬─────────────────┐
│ Package                       │ License │ Details         │
├───────────────────────────────┼─────────┼─────────────────┤
│ @next/env                     │ MIT     │ Jane Doe        │
│                               │         │ https://pnpm.io │
├───────────────────────────────┼─────────┼─────────────────┤
│ @next/swc-android-arm-eabi    │ MIT     │ Jane Doe        │
│                               │         │ https://pnpm.io │
├───────────────────────────────┼─────────┼─────────────────┤
│ @next/swc-android-arm64       │ MIT     │ Jane Doe        │
│                               │         │ https://pnpm.io │
├───────────────────────────────┼─────────┼─────────────────┤
│ @next/swc-darwin-arm64        │ MIT     │ Jane Doe        │
│                               │         │ https://pnpm.io │
├───────────────────────────────┼─────────┼─────────────────┤
│ @next/swc-darwin-x64          │ MIT     │ Jane Doe        │
│                               │         │ https://pnpm.io │
├───────────────────────────────┼─────────┼─────────────────┤
│ @next/swc-freebsd-x64         │ MIT     │ Jane Doe        │
│                               │         │ https://pnpm.io │
├───────────────────────────────┼─────────┼─────────────────┤
│ @next/swc-linux-arm-gnueabihf │ MIT     │ Jane Doe        │
│                               │         │ https://pnpm.io │
├───────────────────────────────┼─────────┼─────────────────┤
│ @next/swc-linux-arm64-gnu     │ MIT     │ Jane Doe        │
│                               │         │ https://pnpm.io │
├───────────────────────────────┼─────────┼─────────────────┤
│ @next/swc-linux-arm64-musl    │ MIT     │ Jane Doe        │
│                               │         │ https://pnpm.io │
├───────────────────────────────┼─────────┼─────────────────┤
│ @next/swc-linux-x64-gnu       │ MIT     │ Jane Doe        │
│                               │         │ https://pnpm.io │
├───────────────────────────────┼─────────┼─────────────────┤
│ @next/swc-linux-x64-musl      │ MIT     │ Jane Doe        │
│                               │         │ https://pnpm.io │
├───────────────────────────────┼─────────┼─────────────────┤
│ @next/swc-win32-arm64-msvc    │ MIT     │ Jane Doe        │
│                               │         │ https://pnpm.io │
├───────────────────────────────┼─────────┼─────────────────┤
│ @next/swc-win32-ia32-msvc     │ MIT     │ Jane Doe        │
│                               │         │ https://pnpm.io │
├───────────────────────────────┼─────────┼─────────────────┤
│ @next/swc-win32-x64-msvc      │ MIT     │ Jane Doe        │
│                               │         │ https://pnpm.io │
├───────────────────────────────┼─────────┼─────────────────┤
│ @swc/helpers                  │ MIT     │ Jane Doe        │
│                               │         │ https://pnpm.io │
├───────────────────────────────┼─────────┼─────────────────┤
│ caniuse-lite                  │ MIT     │ Jane Doe        │
│                               │         │ https://pnpm.io │
├───────────────────────────────┼─────────┼─────────────────┤
│ client-only                   │ MIT     │ Jane Doe        │
│                               │         │ https://pnpm.io │
├───────────────────────────────┼─────────┼─────────────────┤
│ nanoid                        │ MIT     │ Jane Doe        │
│                               │         │ https://pnpm.io │
├───────────────────────────────┼─────────┼─────────────────┤
│ next                          │ MIT     │ Jane Doe        │
│                               │         │ https://pnpm.io │
├───────────────────────────────┼─────────┼─────────────────┤
│ picocolors                    │ MIT     │ Jane Doe        │
│                               │         │ https://pnpm.io │
├───────────────────────────────┼─────────┼─────────────────┤
│ postcss                       │ MIT     │ Jane Doe        │
│                               │         │ https://pnpm.io │
├───────────────────────────────┼─────────┼─────────────────┤
│ source-map-js                 │ MIT     │ Jane Doe        │
│                               │         │ https://pnpm.io │
├───────────────────────────────┼─────────┼─────────────────┤
│ styled-jsx                    │ MIT     │ Jane Doe        │
│                               │         │ https://pnpm.io │
├───────────────────────────────┼─────────┼─────────────────┤
│ tslib                         │ MIT     │ Jane Doe        │
│                               │         │ https://pnpm.io │
├───────────────────────────────┼─────────┼─────────────────┤
│ typescript (dev)              │ MIT     │ Jane Doe        │
│                               │         │ https://pnpm.io │
├───────────────────────────────┼─────────┼─────────────────┤
│ use-sync-external-store       │ MIT     │ Jane Doe        │
│                               │         │ https://pnpm.io │
└───────────────────────────────┴─────────┴─────────────────┘
"
`;

exports[`pnpm licenses: show-packages 1`] = `
"┌───────────────────────────────┬─────────┐
│ Package                       │ License │
├───────────────────────────────┼─────────┤
│ @next/env                     │ MIT     │
├───────────────────────────────┼─────────┤
│ @next/swc-android-arm-eabi    │ MIT     │
├───────────────────────────────┼─────────┤
│ @next/swc-android-arm64       │ MIT     │
├───────────────────────────────┼─────────┤
│ @next/swc-darwin-arm64        │ MIT     │
├───────────────────────────────┼─────────┤
│ @next/swc-darwin-x64          │ MIT     │
├───────────────────────────────┼─────────┤
│ @next/swc-freebsd-x64         │ MIT     │
├───────────────────────────────┼─────────┤
│ @next/swc-linux-arm-gnueabihf │ MIT     │
├───────────────────────────────┼─────────┤
│ @next/swc-linux-arm64-gnu     │ MIT     │
├───────────────────────────────┼─────────┤
│ @next/swc-linux-arm64-musl    │ MIT     │
├───────────────────────────────┼─────────┤
│ @next/swc-linux-x64-gnu       │ MIT     │
├───────────────────────────────┼─────────┤
│ @next/swc-linux-x64-musl      │ MIT     │
├───────────────────────────────┼─────────┤
│ @next/swc-win32-arm64-msvc    │ MIT     │
├───────────────────────────────┼─────────┤
│ @next/swc-win32-ia32-msvc     │ MIT     │
├───────────────────────────────┼─────────┤
│ @next/swc-win32-x64-msvc      │ MIT     │
├───────────────────────────────┼─────────┤
│ @swc/helpers                  │ MIT     │
├───────────────────────────────┼─────────┤
│ caniuse-lite                  │ MIT     │
├───────────────────────────────┼─────────┤
│ client-only                   │ MIT     │
├───────────────────────────────┼─────────┤
│ nanoid                        │ MIT     │
├───────────────────────────────┼─────────┤
│ next                          │ MIT     │
├───────────────────────────────┼─────────┤
│ picocolors                    │ MIT     │
├───────────────────────────────┼─────────┤
│ postcss                       │ MIT     │
├───────────────────────────────┼─────────┤
│ source-map-js                 │ MIT     │
├───────────────────────────────┼─────────┤
│ styled-jsx                    │ MIT     │
├───────────────────────────────┼─────────┤
│ tslib                         │ MIT     │
├───────────────────────────────┼─────────┤
│ typescript (dev)              │ MIT     │
├───────────────────────────────┼─────────┤
│ use-sync-external-store       │ MIT     │
└───────────────────────────────┴─────────┘
"
`;
