// Jest Snapshot v1, https://goo.gl/fbAQLP

exports[`print update notification for Corepack if the latest version is greater than the current 1`] = `
"
   ╭──────────────────────────────────────────────────────────────────╮
   │                                                                  │
   │                Update available! 10.0.0 → 11.0.0.                │
   │   Changelog: https://github.com/pnpm/pnpm/releases/tag/v11.0.0   │
   │         Run "corepack install -g pnpm@11.0.0" to update.         │
   │                                                                  │
   ╰──────────────────────────────────────────────────────────────────╯
"
`;

exports[`print update notification if the latest version is greater than the current 1`] = `
"
   ╭──────────────────────────────────────────────────────────────────╮
   │                                                                  │
   │                Update available! 10.0.0 → 11.0.0.                │
   │   Changelog: https://github.com/pnpm/pnpm/releases/tag/v11.0.0   │
   │                Run "pnpm add -g pnpm" to update.                 │
   │                                                                  │
   ╰──────────────────────────────────────────────────────────────────╯
"
`;

exports[`print update notification that suggests to use the standalone scripts for the upgrade 1`] = `
"
   ╭──────────────────────────────────────────────────────────────────╮
   │                                                                  │
   │                Update available! 10.0.0 → 11.0.0.                │
   │   Changelog: https://github.com/pnpm/pnpm/releases/tag/v11.0.0   │
   │                Run "pnpm self-update" to update.                 │
   │                                                                  │
   ╰──────────────────────────────────────────────────────────────────╯
"
`;
